<!DOCTYPE html><html data-reactroot><head><link rel="stylesheet" href="/"><meta charset="utf-8"><meta name="viewport" content="width=device-width, initial-scale=1, maximum-scale=1, minimum-scale=1, user-scalable=no"><script>window.g_useSSR=true;
  window.g_initialData = {};</script><script>window.routerBase = "/";</script><script>window.UMI_PRERENDER_SUM_CODE = "37310e52c4666af1deafb70487ef4bc0";</script></head><body><div id="root"><h3>detail</h3></div><script src="/umi.js"></script></body></html>