<!DOCTYPE html><html data-reactroot><head><title>Hello Umi SSR Helmet user title</title><link rel="stylesheet" href="/"><meta charset="utf-8"><meta name="viewport" content="width=device-width, initial-scale=1, maximum-scale=1, minimum-scale=1, user-scalable=no"><script>window.g_useSSR=true;
  window.g_initialData = {"list":["foo","bar"]};</script><script>window.routerBase = "/";</script></head><body><div id="root"><div class="normal___1KMnC"><h1>Page users111</h1><h2>users</h2><ul><li>foo</li><li>bar</li></ul></div></div><script src="/umi.js"></script></body></html>
