<!DOCTYPE html><html data-reactroot><head><link rel="stylesheet" href="/"><meta charset="utf-8"><meta name="viewport" content="width=device-width, initial-scale=1, maximum-scale=1, minimum-scale=1, user-scalable=no"><script>window.g_useSSR=true;
  window.g_initialData = {};</script><script>window.routerBase = "/";</script><script>window.UMI_PRERENDER_SUM_CODE = "02ef00e41e7a58b6af54eef5b7bb6022";</script></head><body><div id="root"><div>Hello </div></div><script src="/umi.js"></script></body></html>