<!DOCTYPE html><html><head><link rel="stylesheet" href="/"><meta charset="utf-8"><meta name="viewport" content="width=device-width, initial-scale=1, maximum-scale=1, minimum-scale=1, user-scalable=no"><script>window.g_useSSR=true;
  window.g_initialData = {};</script><script>window.routerBase = "/";</script><script>window.UMI_PRERENDER_SUM_CODE = "e0be04564169dfe79a4337f1d5939924";</script></head><body><div id="root"><div>Hello </div></div><script src="/umi.js"></script></body></html>