{
  "/": {
    "js": [
      "umi.js"
    ],
    "css": []
  },
  "/users(.html)?": {
    "js": [
      "umi.js"
    ],
    "css": []
  }
}