<!DOCTYPE html><html lang="en" data-reactroot><head><title data-react-helmet="true">React Helmet title index</title><link rel="stylesheet" href="/"><meta charset="UTF-8"><meta name="viewport" content="width=device-width, initial-scale=1.0"><title>Default Title</title><script>window.g_useSSR=true;
  window.g_initialData = {"data":{"ssr":"http:\u002F\u002F127.0.0.1:7001","csr":"http:\u002F\u002F127.0.0.1:8000"}};</script><script>window.routerBase = "/";</script><meta data-react-helmet="true" name="description" content="React Helmet title Index description"></head><body><div id="root"><div class="normal___1KW4T"><h1>Page index <!-- -->Umi SSR react-helment</h1><h2>csr: <!-- -->http://127.0.0.1:8000</h2></div></div><script src="/umi.js"></script></body></html>
